
 *------------------------------------------------------------------------------------* 
 |                                                                                    | 
 |  *------------------------------------------------------------------------------*  | 
 |  |                                                                              |  | 
 |  |                                                                              |  | 
 |  |   PPP   Y   Y  TTTTT  H   H  III    A      Welcome to the Lund Monte Carlo!  |  | 
 |  |   P  P   Y Y     T    H   H   I    A A     This is PYTHIA version 8.315      |  | 
 |  |   PPP     Y      T    HHHHH   I   AAAAA    Last date of change: 27 May 2025  |  | 
 |  |   P       Y      T    H   H   I   A   A                                      |  | 
 |  |   P       Y      T    H   H  III  A   A    Now is 22 Jun 2026 at 17:18:19    |  | 
 |  |                                                                              |  | 
 |  |   Program documentation and an archive of historic versions is found on:     |  | 
 |  |                                                                              |  | 
 |  |                               https://pythia.org/                            |  | 
 |  |                                                                              |  | 
 |  |   PYTHIA is authored by a collaboration consisting of:                       |  | 
 |  |                                                                              |  | 
 |  |   Javira Altmann, Christian Bierlich, Naomi Cooke, Nishita Desai,            |  | 
 |  |   Ilkka Helenius, Philip Ilten, Leif Lonnblad, Stephen Mrenna,               |  | 
 |  |   Christian Preuss, Torbjorn Sjostrand, and Peter Skands.                    |  | 
 |  |                                                                              |  | 
 |  |   The complete list of authors, including contact information and            |  | 
 |  |   affiliations, can be found on https://pythia.org/.                         |  | 
 |  |   Problems or bugs should be reported on email at authors@pythia.org.        |  | 
 |  |                                                                              |  | 
 |  |   The main program reference is C. Bierlich et al,                           |  | 
 |  |   'A comprehensive guide to the physics and usage of Pythia 8.3',            |  | 
 |  |   SciPost Phys. Codebases 8-r8.3 (2022) [arXiv:2203.11601 [hep-ph]]          |  | 
 |  |                                                                              |  | 
 |  |   PYTHIA is released under the GNU General Public Licence version 2          |  | 
 |  |   or later. Please respect the MCnet Guidelines for Generator Authors        |  | 
 |  |   and Users.                                                                 |  | 
 |  |                                                                              |  | 
 |  |   Disclaimer: this program comes without any guarantees.                     |  | 
 |  |   Beware of errors and use common sense when interpreting results.           |  | 
 |  |                                                                              |  | 
 |  |   Copyright (C) 2025 Torbjorn Sjostrand                                      |  | 
 |  |                                                                              |  | 
 |  |                                                                              |  | 
 |  *------------------------------------------------------------------------------*  | 
 |                                                                                    | 
 *------------------------------------------------------------------------------------* 


 *--------  Madgraph parameters  --------*
 *---------------------------------------*
 PYTHIA Warning in JetMatchingMadgraph:init: Madgraph merging parameters not found
 PYTHIA Warning in JetMatchingMadgraph:init: No xqcut
 PYTHIA Warning in JetMatchingMadgraph:init: No ickkw
 PYTHIA Warning in JetMatchingMadgraph:init: No maxjetflavor
 PYTHIA Warning in JetMatchingMadgraph:init: No alpsfact
 *-----------------------  SusyLesHouches SUSY/BSM Interface  ------------------------*
 | Last Change 12 Apr 2017 - P. Skands
 | Parsing: lhe/ee_z_mumu_ecm91.lhe
 | (SLHA::readFile) line 360 - storing non-SLHA(2) block: yukawa
 *------------------------------------------------------------------------------------*
 PYTHIA Info from SLHAinterface::initSLHA: No MODSEL found, keeping internal SUSY switched off
 PYTHIA Warning in SLHAinterface::initSLHA: ignoring MASS entries for id = {1,2,3,4,5,11,12,13,14,15,16,21,22,23,24} (m0 < SLHA:minMassSM)
 PYTHIA Warning in SLHAinterface::initSLHA: ignoring DECAY tables for id = {23,24,1,2,3,4,5,11,12,13,14,15,16,21,22} (m0 < SLHA:minMassSM)
 PYTHIA Warning in SLHAinterface::initSLHA: ignoring empty DECAY tables for id = {6,25} (total width provided but no Branching Ratios)

 *-------  PYTHIA Process Initialization  --------------------------*
 |                                                                  |
 | We collide e+ with e- at a CM energy of 9.120e+01 GeV            |
 |                                                                  |
 |------------------------------------------------------------------|
 |                                                    |             |
 | Subprocess                                    Code |   Estimated |
 |                                                    |    max (mb) |
 |                                                    |             |
 |------------------------------------------------------------------|
 |                                                    |             |
 | Les Houches User Process(es)                  9999 |   1.000e-09 |
 |                                                                  |
 *-------  End PYTHIA Process Initialization -----------------------*

 *-------  PYTHIA Flag + Mode + Parm + Word + FVec + MVec + PVec + WVec Settings (changes only)  ------------------* 
 |                                                                                                                 | 
 | Name                                          |                      Now |      Default         Min         Max | 
 |                                               |                          |                                      | 
 | Beams:frameType                               |                        4 |            1           1           5 | 
 | Beams:LHEF                                    |  lhe/ee_z_mumu_ecm91.lhe |         void                         | 
 | Init:showChangedParticleData                  |                      off |           on                         | 
 | Main:timesAllowErrors                         |                        5 |           10           0             | 
 | Next:numberCount                              |                      100 |         1000           0             | 
 | Next:numberShowEvent                          |                        0 |            1           0             | 
 | PDF:lepton                                    |                      off |           on                         | 
 | Random:seed                                   |                    12345 |           -1               900000000 | 
 | Random:setSeed                                |                       on |          off                         | 
 | StringZ:useOldAExtra                          |                       on |          off                         | 
 |                                                                                                                 | 
 *-------  End PYTHIA Flag + Mode + Parm + Word + FVec + MVec + PVec + WVec Settings  -----------------------------* 

 --------  LHA initialization information  ------------ 

  beam    kind      energy  pdfgrp  pdfset 
     A     -11      45.600       0       0
     B      11      45.600       0       0

  Event weighting strategy = -4

  Processes, with strategy-dependent cross section info 
  number      xsec (pb)      xerr (pb)      xmax (pb) 
       1     2.0126e+03     1.3925e+00     2.0126e+03

 --------  End LHA initialization information  -------- 
** INFO: adding module        TruthVertexFinder        TruthVertexFinder        
** INFO: adding module        UnstablePropagator       UnstablePropagator       
** INFO: adding module        ParticlePropagator       ParticlePropagator       
** INFO: adding module        Efficiency               ChargedHadronTrackingEfficiency
** INFO: adding module        Efficiency               ElectronTrackingEfficiency
** INFO: adding module        Efficiency               MuonTrackingEfficiency   
** INFO: adding module        Merger                   TrackMergerPre           
** INFO: adding module        TrackCovariance          TrackSmearing            
** INFO: adding module        ClusterCounting          ClusterCounting          
** INFO: adding module        TimeSmearing             TimeSmearing             
** INFO: adding module        TimeOfFlight             TimeOfFlight             
** INFO: adding module        Merger                   TrackMerger              
** INFO: adding module        Efficiency               ForwardLooperTracks      
** INFO: adding module        DualReadoutCalorimeter   Calorimeter              
** INFO: adding module        TimeSmearing             TimeSmearingNeutrals     
** INFO: adding module        TimeOfFlight             TimeOfFlightNeutralHadron
** INFO: adding module        Merger                   EFlowTrackMerger         
** INFO: adding module        Merger                   EFlowMerger              
** INFO: adding module        Merger                   TowerMerger              
** INFO: adding module        Efficiency               PhotonEfficiency         
** INFO: adding module        Isolation                PhotonIsolation          
** INFO: adding module        PdgCodeFilter            ElectronFilter           
** INFO: adding module        PdgCodeFilter            MuonFilter               
** INFO: adding module        Efficiency               ElectronEfficiency       
** INFO: adding module        Isolation                ElectronIsolation        
** INFO: adding module        Efficiency               MuonEfficiency           
** INFO: adding module        Isolation                MuonIsolation            
** INFO: adding module        Merger                   MissingET                
** INFO: adding module        PdgCodeFilter            NeutrinoFilter           
** INFO: adding module        FastJetFinder            GenJetFinderDurhamN2     
** INFO: adding module        FastJetFinder            FastJetFinderDurhamN2    
** INFO: adding module        FastJetFinder            GenJetFinder             
** INFO: adding module        Merger                   GenMissingET             
** INFO: adding module        FastJetFinder            FastJetFinder            
** INFO: adding module        EnergyScale              JetEnergyScale           
** INFO: adding module        JetFlavorAssociation     JetFlavorAssociation     
** INFO: adding module        BTagging                 BTagging                 
** INFO: adding module        BTagging                 CTagging                 
** INFO: adding module        TauTagging               TauTagging               
** INFO: adding module        TreeWriter               TreeWriter               
** INFO: adding module        EDM4HepOutput            EDM4HepOutput            
WARNING: k4SimDelphes::getEDM4hepOutputSettings | MCRecoAssociationCollectionName is deprecated, use RecoMCParticleLinkCollection instead
** INFO: initializing module  Delphes                  
** INFO: initializing module  TruthVertexFinder        
** INFO: initializing module  ParticlePropagator       
** INFO: initializing module  ChargedHadronTrackingEfficiency
** INFO: initializing module  ElectronTrackingEfficiency
** INFO: initializing module  MuonTrackingEfficiency   
** INFO: initializing module  TrackMergerPre           
** INFO: initializing module  TrackSmearing            
AcceptanceClx:: Acceptance generation completed after 4 cycles and a total number of 103 splits
AcceptanceClx:: Acceptance encoding with 39 pt nodes and 89 theta nodes
** INFO: initializing module  ClusterCounting          
** INFO: initializing module  TimeSmearing             
** INFO: initializing module  TimeOfFlight             
** INFO: initializing module  TrackMerger              
** INFO: initializing module  ForwardLooperTracks      
** INFO: initializing module  Calorimeter              
** INFO: initializing module  TimeSmearingNeutrals     
** INFO: initializing module  TimeOfFlightNeutralHadron
** INFO: initializing module  EFlowTrackMerger         
** INFO: initializing module  EFlowMerger              
** INFO: initializing module  PhotonEfficiency         
** INFO: initializing module  PhotonIsolation          
** INFO: initializing module  MuonFilter               
** INFO: initializing module  TowerMerger              
** INFO: initializing module  ElectronFilter           
** INFO: initializing module  ElectronEfficiency       
** INFO: initializing module  ElectronIsolation        
** INFO: initializing module  MuonEfficiency           
** INFO: initializing module  MuonIsolation            
** INFO: initializing module  MissingET                
** INFO: initializing module  NeutrinoFilter           
** INFO: initializing module  GenJetFinder             
#--------------------------------------------------------------------------
#                         FastJet release 3.5.1
#                 M. Cacciari, G.P. Salam and G. Soyez                  
#     A software package for jet finding and analysis at colliders      
#                           https://fastjet.fr                           
#	                                                                      
# Please cite EPJC72(2012)1896 [arXiv:1111.6097] if you use this package
# for scientific work and optionally PLB641(2006)57 [hep-ph/0512210].   
#                                                                       
# FastJet is provided without warranty under the GNU GPL v2 or higher.  
# It uses T. Chan's closest pair algorithm, S. Fortune's Voronoi code
# and 3rd party plugin jet algorithms. See COPYING file for details.
#--------------------------------------------------------------------------
** INFO: initializing module  GenMissingET             
** INFO: initializing module  FastJetFinder            
** INFO: initializing module  JetEnergyScale           
** INFO: initializing module  GenJetFinderDurhamN2     
** INFO: initializing module  FastJetFinderDurhamN2    
** INFO: initializing module  JetFlavorAssociation     
** INFO: initializing module  BTagging                 
** INFO: initializing module  CTagging                 
** INFO: initializing module  TauTagging               
** INFO: initializing module  TreeWriter               

 --------  LHA event information and listing  ---------------------------------------------------------------------- 

    process = 1           weight = 2.0126e+03       scale = 9.1200e+01   (GeV) 
                        alpha_em = 7.5468e-03      alpha_strong = 1.1800e-01  

    Participating Particles 
    no        id stat     mothers     colours      p_x        p_y        p_z         e          m        tau    spin 
1     -11       -1   0     0     0     0     0.000      0.000      45.600     45.600     0.000      0.000   1.000   
2     11        -1   0     0     0     0     -0.000     -0.000     -45.600    45.600     0.000      0.000   -1.000  
3     23        2    1     2     0     0     0.000      0.000      0.000      91.200     91.200     0.000   0.000   
4     -13       1    3     3     0     0     -7.807     -18.413    -40.980    45.600     0.000      0.000   -1.000  
5     13        1    3     3     0     0     7.807      18.413     40.980     45.600     0.000      0.000   1.000   

 --------  End LHA event information and listing  ------------------------------------------------------------------ 

 --------  PYTHIA Info Listing  ---------------------------------------- 
 
 Beam A: id = -11   , pz = 4.560e+01 , e = 4.560e+01 , m = 5.110e-04 .
 Beam B: id = 11    , pz = -4.560e+01, e = 4.560e+01 , m = 5.110e-04 .

 In 1: id = -11 , x = 1.000e+00 , pdf = 0.000e+00  at Q2 = 8.317e+03 .
 In 2: id = 11  , x = 1.000e+00 , pdf = 0.000e+00  at same Q2.

 Process Les Houches User Process(es) with code 9999 is 2 -> 1.
 Subprocess user process 1 with code 1 is 2 -> 1.
 It has sHat = 8.317e+03 .
     alphaEM = 7.547e-03 ,  alphaS = 1.180e-01     at Q2 = 8.317e+03 .

 Impact parameter b = 0.000e+00  gives enhancement factor = 1.000e+00 .
 Max pT scale for MPI = 9.120e+01 , ISR = 9.120e+01 , FSR = 9.120e+01 .
 Number of MPI = 1    , ISR = 0    , FSRproc = 0    , FSRreson = 0    .

 --------  End PYTHIA Info Listing  ------------------------------------

 --------  PYTHIA Event Listing  (hard process)  -----------------------------------------------------------------------------------
 
    no         id  name            status     mothers   daughters     colours      p_x        p_y        p_z         e          m 
0     90           (system)           -11     0     0     0     0     0     0      0.000      0.000      0.000     91.200     91.200
     1        -11  (e+)               -12     0     0     3     0     0     0      0.000      0.000     45.600     45.600      0.001
     2         11  (e-)               -12     0     0     4     0     0     0      0.000      0.000    -45.600     45.600      0.001
     3        -11  (e+)               -21     1     0     5     0     0     0      0.000      0.000     45.600     45.600      0.000
     4         11  (e-)               -21     2     0     5     0     0     0      0.000      0.000    -45.600     45.600      0.000
     5         23  (Z0)               -22     3     4     6     7     0     0      0.000      0.000      0.000     91.200     91.200
     6        -13  mu+                 23     5     0     0     0     0     0     -7.807    -18.413    -40.980     45.600      0.106
     7         13  mu-                 23     5     0     0     0     0     0      7.807     18.413     40.980     45.600      0.106
                                   Charge sum:  0.000           Momentum sum:      0.000      0.000      0.000     91.200     91.200

 --------  End PYTHIA Event Listing  -----------------------------------------------------------------------------------------------
** 1 events processed
** 2 events processed
** 3 events processed
** 4 events processed
** 5 events processed
** 6 events processed
** 7 events processed
** 8 events processed
** 9 events processed
** 10 events processed
** 11 events processed
** 12 events processed
** 13 events processed
** 14 events processed
** 15 events processed
** 16 events processed
** 17 events processed
** 18 events processed
** 19 events processed
** 20 events processed
** 21 events processed
** 22 events processed
** 23 events processed
** 24 events processed
** 25 events processed
** 26 events processed
** 27 events processed
** 28 events processed
** 29 events processed
** 30 events processed
** 31 events processed
** 32 events processed
** 33 events processed
** 34 events processed
** 35 events processed
** 36 events processed
** 37 events processed
** 38 events processed
** 39 events processed
** 40 events processed
** 41 events processed
** 42 events processed
** 43 events processed
** 44 events processed
** 45 events processed
** 46 events processed
** 47 events processed
** 48 events processed
** 49 events processed
** 50 events processed
** 51 events processed
** 52 events processed
** 53 events processed
** 54 events processed
** 55 events processed
** 56 events processed
** 57 events processed
** 58 events processed
** 59 events processed
** 60 events processed
** 61 events processed
** 62 events processed
** 63 events processed
** 64 events processed
** 65 events processed
** 66 events processed
** 67 events processed
** 68 events processed
** 69 events processed
** 70 events processed
** 71 events processed
** 72 events processed
** 73 events processed
** 74 events processed
** 75 events processed
** 76 events processed
** 77 events processed
** 78 events processed
** 79 events processed
** 80 events processed
** 81 events processed
** 82 events processed
** 83 events processed
** 84 events processed
** 85 events processed
** 86 events processed
** 87 events processed
** 88 events processed
** 89 events processed
** 90 events processed
** 91 events processed
** 92 events processed
** 93 events processed
** 94 events processed
** 95 events processed
** 96 events processed
** 97 events processed
** 98 events processed
** 99 events processed
 Pythia::next(): 100 events have been generated 
** 100 events processed
** 101 events processed
** 102 events processed
** 103 events processed
** 104 events processed
** 105 events processed
** 106 events processed
** 107 events processed
** 108 events processed
** 109 events processed
** 110 events processed
** 111 events processed
** 112 events processed
** 113 events processed
** 114 events processed
** 115 events processed
** 116 events processed
** 117 events processed
** 118 events processed
** 119 events processed
** 120 events processed
** 121 events processed
** 122 events processed
** 123 events processed
** 124 events processed
** 125 events processed
** 126 events processed
** 127 events processed
** 128 events processed
** 129 events processed
** 130 events processed
** 131 events processed
** 132 events processed
** 133 events processed
** 134 events processed
** 135 events processed
** 136 events processed
** 137 events processed
** 138 events processed
** 139 events processed
** 140 events processed
** 141 events processed
** 142 events processed
** 143 events processed
** 144 events processed
** 145 events processed
** 146 events processed
** 147 events processed
** 148 events processed
** 149 events processed
** 150 events processed
** 151 events processed
** 152 events processed
** 153 events processed
** 154 events processed
** 155 events processed
** 156 events processed
** 157 events processed
** 158 events processed
** 159 events processed
** 160 events processed
** 161 events processed
** 162 events processed
** 163 events processed
** 164 events processed
** 165 events processed
** 166 events processed
** 167 events processed
** 168 events processed
** 169 events processed
** 170 events processed
** 171 events processed
** 172 events processed
** 173 events processed
** 174 events processed
** 175 events processed
** 176 events processed
** 177 events processed
** 178 events processed
** 179 events processed
** 180 events processed
** 181 events processed
** 182 events processed
** 183 events processed
** 184 events processed
** 185 events processed
** 186 events processed
** 187 events processed
** 188 events processed
** 189 events processed
** 190 events processed
** 191 events processed
** 192 events processed
** 193 events processed
** 194 events processed
** 195 events processed
** 196 events processed
** 197 events processed
** 198 events processed
** 199 events processed
 Pythia::next(): 200 events have been generated 
** 200 events processed
** 201 events processed
** 202 events processed
** 203 events processed
** 204 events processed
** 205 events processed
** 206 events processed
** 207 events processed
** 208 events processed
** 209 events processed
** 210 events processed
** 211 events processed
** 212 events processed
** 213 events processed
** 214 events processed
** 215 events processed
** 216 events processed
** 217 events processed
** 218 events processed
** 219 events processed
** 220 events processed
** 221 events processed
** 222 events processed
** 223 events processed
** 224 events processed
** 225 events processed
** 226 events processed
** 227 events processed
** 228 events processed
** 229 events processed
** 230 events processed
** 231 events processed
** 232 events processed
** 233 events processed
** 234 events processed
** 235 events processed
** 236 events processed
** 237 events processed
** 238 events processed
** 239 events processed
** 240 events processed
** 241 events processed
** 242 events processed
** 243 events processed
** 244 events processed
** 245 events processed
** 246 events processed
** 247 events processed
** 248 events processed
** 249 events processed
** 250 events processed
** 251 events processed
** 252 events processed
** 253 events processed
** 254 events processed
** 255 events processed
** 256 events processed
** 257 events processed
** 258 events processed
** 259 events processed
** 260 events processed
** 261 events processed
** 262 events processed
** 263 events processed
** 264 events processed
** 265 events processed
** 266 events processed
** 267 events processed
** 268 events processed
** 269 events processed
** 270 events processed
** 271 events processed
** 272 events processed
** 273 events processed
** 274 events processed
** 275 events processed
** 276 events processed
** 277 events processed
** 278 events processed
** 279 events processed
** 280 events processed
** 281 events processed
** 282 events processed
** 283 events processed
** 284 events processed
** 285 events processed
** 286 events processed
** 287 events processed
** 288 events processed
** 289 events processed
** 290 events processed
** 291 events processed
** 292 events processed
** 293 events processed
** 294 events processed
** 295 events processed
** 296 events processed
** 297 events processed
** 298 events processed
** 299 events processed
 Pythia::next(): 300 events have been generated 
** 300 events processed
** 301 events processed
** 302 events processed
** 303 events processed
** 304 events processed
** 305 events processed
** 306 events processed
** 307 events processed
** 308 events processed
** 309 events processed
** 310 events processed
** 311 events processed
** 312 events processed
** 313 events processed
** 314 events processed
** 315 events processed
** 316 events processed
** 317 events processed
** 318 events processed
** 319 events processed
** 320 events processed
** 321 events processed
** 322 events processed
** 323 events processed
** 324 events processed
** 325 events processed
** 326 events processed
** 327 events processed
** 328 events processed
** 329 events processed
** 330 events processed
** 331 events processed
** 332 events processed
** 333 events processed
** 334 events processed
** 335 events processed
** 336 events processed
** 337 events processed
** 338 events processed
** 339 events processed
** 340 events processed
** 341 events processed
** 342 events processed
** 343 events processed
** 344 events processed
** 345 events processed
** 346 events processed
** 347 events processed
** 348 events processed
** 349 events processed
** 350 events processed
** 351 events processed
** 352 events processed
** 353 events processed
** 354 events processed
** 355 events processed
** 356 events processed
** 357 events processed
** 358 events processed
** 359 events processed
** 360 events processed
** 361 events processed
** 362 events processed
** 363 events processed
** 364 events processed
** 365 events processed
** 366 events processed
** 367 events processed
** 368 events processed
** 369 events processed
** 370 events processed
** 371 events processed
** 372 events processed
** 373 events processed
** 374 events processed
** 375 events processed
** 376 events processed
** 377 events processed
** 378 events processed
** 379 events processed
** 380 events processed
** 381 events processed
** 382 events processed
** 383 events processed
** 384 events processed
** 385 events processed
** 386 events processed
** 387 events processed
** 388 events processed
** 389 events processed
** 390 events processed
** 391 events processed
** 392 events processed
** 393 events processed
** 394 events processed
** 395 events processed
** 396 events processed
** 397 events processed
** 398 events processed
** 399 events processed
 Pythia::next(): 400 events have been generated 
** 400 events processed
** 401 events processed
** 402 events processed
** 403 events processed
** 404 events processed
** 405 events processed
** 406 events processed
** 407 events processed
** 408 events processed
** 409 events processed
** 410 events processed
** 411 events processed
** 412 events processed
** 413 events processed
** 414 events processed
** 415 events processed
** 416 events processed
** 417 events processed
** 418 events processed
** 419 events processed
** 420 events processed
** 421 events processed
** 422 events processed
** 423 events processed
** 424 events processed
** 425 events processed
** 426 events processed
** 427 events processed
** 428 events processed
** 429 events processed
** 430 events processed
** 431 events processed
** 432 events processed
** 433 events processed
** 434 events processed
** 435 events processed
** 436 events processed
** 437 events processed
** 438 events processed
** 439 events processed
** 440 events processed
** 441 events processed
** 442 events processed
** 443 events processed
** 444 events processed
** 445 events processed
** 446 events processed
** 447 events processed
** 448 events processed
** 449 events processed
** 450 events processed
** 451 events processed
** 452 events processed
** 453 events processed
** 454 events processed
** 455 events processed
** 456 events processed
** 457 events processed
** 458 events processed
** 459 events processed
** 460 events processed
** 461 events processed
** 462 events processed
** 463 events processed
** 464 events processed
** 465 events processed
** 466 events processed
** 467 events processed
** 468 events processed
** 469 events processed
** 470 events processed
** 471 events processed
** 472 events processed
** 473 events processed
** 474 events processed
** 475 events processed
** 476 events processed
** 477 events processed
** 478 events processed
** 479 events processed
** 480 events processed
** 481 events processed
** 482 events processed
** 483 events processed
** 484 events processed
** 485 events processed
** 486 events processed
** 487 events processed
** 488 events processed
** 489 events processed
** 490 events processed
** 491 events processed
** 492 events processed
** 493 events processed
** 494 events processed
** 495 events processed
** 496 events processed
** 497 events processed
** 498 events processed
** 499 events processed
 Pythia::next(): 500 events have been generated 
** 500 events processed
** 501 events processed
** 502 events processed
** 503 events processed
** 504 events processed
** 505 events processed
** 506 events processed
** 507 events processed
** 508 events processed
** 509 events processed
** 510 events processed
** 511 events processed
** 512 events processed
** 513 events processed
** 514 events processed
** 515 events processed
** 516 events processed
** 517 events processed
** 518 events processed
** 519 events processed
** 520 events processed
** 521 events processed
** 522 events processed
** 523 events processed
** 524 events processed
** 525 events processed
** 526 events processed
** 527 events processed
** 528 events processed
** 529 events processed
** 530 events processed
** 531 events processed
** 532 events processed
** 533 events processed
** 534 events processed
** 535 events processed
** 536 events processed
** 537 events processed
** 538 events processed
** 539 events processed
** 540 events processed
** 541 events processed
** 542 events processed
** 543 events processed
** 544 events processed
** 545 events processed
** 546 events processed
** 547 events processed
** 548 events processed
** 549 events processed
** 550 events processed
** 551 events processed
** 552 events processed
** 553 events processed
** 554 events processed
** 555 events processed
** 556 events processed
** 557 events processed
** 558 events processed
** 559 events processed
** 560 events processed
** 561 events processed
** 562 events processed
** 563 events processed
** 564 events processed
** 565 events processed
** 566 events processed
** 567 events processed
** 568 events processed
** 569 events processed
** 570 events processed
** 571 events processed
** 572 events processed
** 573 events processed
** 574 events processed
** 575 events processed
** 576 events processed
** 577 events processed
** 578 events processed
** 579 events processed
** 580 events processed
** 581 events processed
** 582 events processed
** 583 events processed
** 584 events processed
** 585 events processed
** 586 events processed
** 587 events processed
** 588 events processed
** 589 events processed
** 590 events processed
** 591 events processed
** 592 events processed
** 593 events processed
** 594 events processed
** 595 events processed
** 596 events processed
** 597 events processed
** 598 events processed
** 599 events processed
 Pythia::next(): 600 events have been generated 
** 600 events processed
** 601 events processed
** 602 events processed
** 603 events processed
** 604 events processed
** 605 events processed
** 606 events processed
** 607 events processed
** 608 events processed
** 609 events processed
** 610 events processed
** 611 events processed
** 612 events processed
** 613 events processed
** 614 events processed
** 615 events processed
** 616 events processed
** 617 events processed
** 618 events processed
** 619 events processed
** 620 events processed
** 621 events processed
** 622 events processed
** 623 events processed
** 624 events processed
** 625 events processed
** 626 events processed
** 627 events processed
** 628 events processed
** 629 events processed
** 630 events processed
** 631 events processed
** 632 events processed
** 633 events processed
** 634 events processed
** 635 events processed
** 636 events processed
** 637 events processed
** 638 events processed
** 639 events processed
** 640 events processed
** 641 events processed
** 642 events processed
** 643 events processed
** 644 events processed
** 645 events processed
** 646 events processed
** 647 events processed
** 648 events processed
** 649 events processed
** 650 events processed
** 651 events processed
** 652 events processed
** 653 events processed
** 654 events processed
** 655 events processed
** 656 events processed
** 657 events processed
** 658 events processed
** 659 events processed
** 660 events processed
** 661 events processed
** 662 events processed
** 663 events processed
** 664 events processed
** 665 events processed
** 666 events processed
** 667 events processed
** 668 events processed
** 669 events processed
** 670 events processed
** 671 events processed
** 672 events processed
** 673 events processed
** 674 events processed
** 675 events processed
** 676 events processed
** 677 events processed
** 678 events processed
** 679 events processed
** 680 events processed
** 681 events processed
** 682 events processed
** 683 events processed
** 684 events processed
** 685 events processed
** 686 events processed
** 687 events processed
** 688 events processed
** 689 events processed
** 690 events processed
** 691 events processed
** 692 events processed
** 693 events processed
** 694 events processed
** 695 events processed
** 696 events processed
** 697 events processed
** 698 events processed
** 699 events processed
 Pythia::next(): 700 events have been generated 
** 700 events processed
** 701 events processed
** 702 events processed
** 703 events processed
** 704 events processed
** 705 events processed
** 706 events processed
** 707 events processed
** 708 events processed
** 709 events processed
** 710 events processed
** 711 events processed
** 712 events processed
** 713 events processed
** 714 events processed
** 715 events processed
** 716 events processed
** 717 events processed
** 718 events processed
** 719 events processed
** 720 events processed
** 721 events processed
** 722 events processed
** 723 events processed
** 724 events processed
** 725 events processed
** 726 events processed
** 727 events processed
** 728 events processed
** 729 events processed
** 730 events processed
** 731 events processed
** 732 events processed
** 733 events processed
** 734 events processed
** 735 events processed
** 736 events processed
** 737 events processed
** 738 events processed
** 739 events processed
** 740 events processed
** 741 events processed
** 742 events processed
** 743 events processed
** 744 events processed
** 745 events processed
** 746 events processed
** 747 events processed
** 748 events processed
** 749 events processed
** 750 events processed
** 751 events processed
** 752 events processed
** 753 events processed
** 754 events processed
** 755 events processed
** 756 events processed
** 757 events processed
** 758 events processed
** 759 events processed
** 760 events processed
** 761 events processed
** 762 events processed
** 763 events processed
** 764 events processed
** 765 events processed
** 766 events processed
** 767 events processed
** 768 events processed
** 769 events processed
** 770 events processed
** 771 events processed
** 772 events processed
** 773 events processed
** 774 events processed
** 775 events processed
** 776 events processed
** 777 events processed
** 778 events processed
** 779 events processed
** 780 events processed
** 781 events processed
** 782 events processed
** 783 events processed
** 784 events processed
** 785 events processed
** 786 events processed
** 787 events processed
** 788 events processed
** 789 events processed
** 790 events processed
** 791 events processed
** 792 events processed
** 793 events processed
** 794 events processed
** 795 events processed
** 796 events processed
** 797 events processed
** 798 events processed
** 799 events processed
 Pythia::next(): 800 events have been generated 
** 800 events processed
** 801 events processed
** 802 events processed
** 803 events processed
** 804 events processed
** 805 events processed
** 806 events processed
** 807 events processed
** 808 events processed
** 809 events processed
** 810 events processed
** 811 events processed
** 812 events processed
** 813 events processed
** 814 events processed
** 815 events processed
** 816 events processed
** 817 events processed
** 818 events processed
** 819 events processed
** 820 events processed
** 821 events processed
** 822 events processed
** 823 events processed
** 824 events processed
** 825 events processed
** 826 events processed
** 827 events processed
** 828 events processed
** 829 events processed
** 830 events processed
** 831 events processed
** 832 events processed
** 833 events processed
** 834 events processed
** 835 events processed
** 836 events processed
** 837 events processed
** 838 events processed
** 839 events processed
** 840 events processed
** 841 events processed
** 842 events processed
** 843 events processed
** 844 events processed
** 845 events processed
** 846 events processed
** 847 events processed
** 848 events processed
** 849 events processed
** 850 events processed
** 851 events processed
** 852 events processed
** 853 events processed
** 854 events processed
** 855 events processed
** 856 events processed
** 857 events processed
** 858 events processed
** 859 events processed
** 860 events processed
** 861 events processed
** 862 events processed
** 863 events processed
** 864 events processed
** 865 events processed
** 866 events processed
** 867 events processed
** 868 events processed
** 869 events processed
** 870 events processed
** 871 events processed
** 872 events processed
** 873 events processed
** 874 events processed
** 875 events processed
** 876 events processed
** 877 events processed
** 878 events processed
** 879 events processed
** 880 events processed
** 881 events processed
** 882 events processed
** 883 events processed
** 884 events processed
** 885 events processed
** 886 events processed
** 887 events processed
** 888 events processed
** 889 events processed
** 890 events processed
** 891 events processed
** 892 events processed
** 893 events processed
** 894 events processed
** 895 events processed
** 896 events processed
** 897 events processed
** 898 events processed
** 899 events processed
 Pythia::next(): 900 events have been generated 
** 900 events processed
** 901 events processed
** 902 events processed
** 903 events processed
** 904 events processed
** 905 events processed
** 906 events processed
** 907 events processed
** 908 events processed
** 909 events processed
** 910 events processed
** 911 events processed
** 912 events processed
** 913 events processed
** 914 events processed
** 915 events processed
** 916 events processed
** 917 events processed
** 918 events processed
** 919 events processed
** 920 events processed
** 921 events processed
** 922 events processed
** 923 events processed
** 924 events processed
** 925 events processed
** 926 events processed
** 927 events processed
** 928 events processed
** 929 events processed
** 930 events processed
** 931 events processed
** 932 events processed
** 933 events processed
** 934 events processed
** 935 events processed
** 936 events processed
** 937 events processed
** 938 events processed
** 939 events processed
** 940 events processed
** 941 events processed
** 942 events processed
** 943 events processed
** 944 events processed
** 945 events processed
** 946 events processed
** 947 events processed
** 948 events processed
** 949 events processed
** 950 events processed
** 951 events processed
** 952 events processed
** 953 events processed
** 954 events processed
** 955 events processed
** 956 events processed
** 957 events processed
** 958 events processed
** 959 events processed
** 960 events processed
** 961 events processed
** 962 events processed
** 963 events processed
** 964 events processed
** 965 events processed
** 966 events processed
** 967 events processed
** 968 events processed
** 969 events processed
** 970 events processed
** 971 events processed
** 972 events processed
** 973 events processed
** 974 events processed
** 975 events processed
** 976 events processed
** 977 events processed
** 978 events processed
** 979 events processed
** 980 events processed
** 981 events processed
** 982 events processed
** 983 events processed
** 984 events processed
** 985 events processed
** 986 events processed
** 987 events processed
** 988 events processed
** 989 events processed
** 990 events processed
** 991 events processed
** 992 events processed
** 993 events processed
** 994 events processed
** 995 events processed
** 996 events processed
** 997 events processed
** 998 events processed
** 999 events processed
** 1000 events processed
** Exiting ...
------------------------------------------------------------------------

Pythia8 Cross-section (Les Houches User Process(es)): 2012.600 +/- 0.000 pb

Input LHEF Cross-section:
 - sum: 2012.600

Information from LHEF file:
#  Number of Events        :       5000
#  Integrated weight (pb)  :       2012.6

------------------------------------------------------------------------

 *-------  JetMatching Error and Warning Messages Statistics  -----------------------------------------------------* 
 |                                                                                                                 | 
 |  times   message                                                                                                | 
 |                                                                                                                 | 
 |      1   Warning in JetMatchingMadgraph:init: Madgraph merging parameters not found                             | 
 |      1   Warning in JetMatchingMadgraph:init: No alpsfact                                                       | 
 |      1   Warning in JetMatchingMadgraph:init: No ickkw                                                          | 
 |      1   Warning in JetMatchingMadgraph:init: No maxjetflavor                                                   | 
 |      1   Warning in JetMatchingMadgraph:init: No xqcut                                                          | 
 |                                                                                                                 | 
 *-------  End JetMatching Error and Warning Messages Statistics  -------------------------------------------------* 
