************************************************************
*                                                          *
*                     W E L C O M E to                     *
*              M A D G R A P H 5 _ a M C @ N L O           *
*                                                          *
*                                                          *
*                 *                       *                *
*                   *        * *        *                  *
*                     * * * * 5 * * * *                    *
*                   *        * *        *                  *
*                 *                       *                *
*                                                          *
*         VERSION 3.5.9                 2025-06-04         *
*                                                          *
*    The MadGraph5_aMC@NLO Development Team - Find us at   *
*              http://madgraph.phys.ucl.ac.be/             *
*                            and                           *
*            http://amcatnlo.web.cern.ch/amcatnlo/         *
*                                                          *
*               Type 'help' for in-line help.              *
*           Type 'tutorial' to learn how MG5 works         *
*    Type 'tutorial aMCatNLO' to learn how aMC@NLO works   *
*    Type 'tutorial MadLoop' to learn how MadLoop works    *
*                                                          *
************************************************************
load MG5 configuration from ../../../cvmfs/sw.hsf.org/key4hep/releases/2026-04-08/x86_64-almalinux9-gcc14.2.0-opt/madgraph5amc/3.5.9-3xnfke/input/mg5_configuration.txt 
set fastjet to /cvmfs/sw.hsf.org/key4hep/releases/2026-02-01/x86_64-almalinux9-gcc14.2.0-opt/fastjet/3.5.0-toxnxf/bin/fastjet-config
eMELA-config does not seem to correspond to a valid eMELA-config executable.
 Please set the 'fastjet'variable to the full (absolute) /PATH/TO/eMELA-config (including eMELA-config).
 MG5_aMC> set eMELA /PATH/TO/eMELA-config

Using golem library in /cvmfs/sw.hsf.org/key4hep/releases/2026-02-01/x86_64-almalinux9-gcc14.2.0-opt/gosam-contrib/2.0-xzskbe/lib
set lhapdf to lhapdf-config
Using default text editor "vi". Set another one in ./input/mg5_configuration.txt
No valid eps viewer found. Please set in ./input/mg5_configuration.txt
No valid web browser found. Please set in ./input/mg5_configuration.txt
import /work/mwitt/fcc_generation/cards/ee_tautau_ecm91__mg5.dat
The import format was not given, so we guess it as command
import model sm
INFO: Restrict model sm with file ../../../cvmfs/sw.hsf.org/key4hep/releases/2026-04-08/x86_64-almalinux9-gcc14.2.0-opt/madgraph5amc/3.5.9-3xnfke/models/sm/restrict_default.dat . 
INFO: Run "set stdout_level DEBUG" before import for more information. 
INFO: Change particles name to pass to MG5 convention 
Defined multiparticle p = g u c d s u~ c~ d~ s~
Defined multiparticle j = g u c d s u~ c~ d~ s~
Defined multiparticle l+ = e+ mu+
Defined multiparticle l- = e- mu-
Defined multiparticle vl = ve vm vt
Defined multiparticle vl~ = ve~ vm~ vt~
Defined multiparticle all = g u c d s u~ c~ d~ s~ a ve vm vt e- mu- ve~ vm~ vt~ e+ mu+ t b t~ b~ z w+ h w- ta- ta+
generate e+ e- > ta+ ta-
INFO: Checking for minimal orders which gives processes. 
INFO: Please specify coupling orders to bypass this step. 
INFO: Trying process: e+ e- > ta+ ta- WEIGHTED<=4 @1  
INFO: Process has 2 diagrams 
1 processes with 2 diagrams generated in 0.003 s
Total: 1 processes with 2 diagrams
output z_prod_tautau -f
INFO: initialize a new directory: z_prod_tautau 
INFO: remove old information in z_prod_tautau 
INFO: Organizing processes into subprocess groups 
INFO: Generating Helas calls for process: e+ e- > ta+ ta- WEIGHTED<=4 @1 
INFO: Processing color information for process: e+ e- > ta+ ta- @1 
INFO: Creating files in directory P1_ll_taptam 
INFO: Generating Feynman diagrams for Process: e+ e- > ta+ ta- WEIGHTED<=4 @1 
INFO: Finding symmetric diagrams for subprocess group ll_taptam 
Generated helas calls for 1 subprocesses (2 diagrams) in 0.002 s
Wrote files for 8 helas calls in 0.376 s
ALOHA: aloha starts to compute helicity amplitudes
ALOHA: aloha creates 3 routines in  0.708 s
save configuration file to /work/mwitt/fcc_generation/z_prod_tautau/Cards/me5_configuration.txt
INFO: Use Fortran compiler /cvmfs/sw.hsf.org/contrib/x86_64-almalinux9-gcc11.4.1-opt/gcc/14.2.0-yuyjov/bin/gfortran 
INFO: Use c++ compiler /cvmfs/sw.hsf.org/contrib/x86_64-almalinux9-gcc11.4.1-opt/gcc/14.2.0-yuyjov/bin/g++ 
INFO: Generate jpeg diagrams 
INFO: Generate web pages 
Output to directory /work/mwitt/fcc_generation/z_prod_tautau done.
Type "launch" to generate events from this process, or see
/work/mwitt/fcc_generation/z_prod_tautau/README
Run "open index.html" to see more information about this process.
set nevents 5000
[1;34m-- set options for generation or output.[0m
[1msyntax: set <option_name> <option_value>[0m
Possible options are: 
[1;32mgroup_subprocesses,ignore_six_quark_processes,stdout_level[0m
[1;32mfortran_compiler,cpp_compiler,loop_optimized_output[0m
[1;32mcomplex_mass_scheme,include_lepton_initiated_processes,gauge[0m
[1;32mEWscheme,max_npoint_for_channel,max_t_for_channel[0m
Details of each option:
[1;32mgroup_subprocesses True/False/Auto: [0m
 > (default Auto) Smart grouping of subprocesses into 
   directories, mirroring of initial states, and 
   combination of integration channels.
[1m > Example: p p > j j j w+ gives 5 directories and 184 channels[0m
[1m   (cf. 65 directories and 1048 channels for regular output)[0m
 > Auto means False for decay computation and True for collisions.
[1;32mignore_six_quark_processes multi_part_label[0m
 > (default none) ignore processes with at least 6 of any
   of the quarks given in multi_part_label.
 > These processes give negligible contribution to the
   cross section but have subprocesses/channels.
[1;32mstdout_level DEBUG|INFO|WARNING|ERROR|CRITICAL[0m
 > change the default level for printed information
[1;32mfortran_compiler NAME[0m
 > (default None) Force a specific fortran compiler.
   If None, it tries first g77 and if not present gfortran
   but loop output use gfortran.
[1;32mloop_optimized_output True|False[0m
 > Exploits the open loop thechnique for considerable
   improvement.
 > CP relations among helicites are detected and the helicity
   filter has more potential.
[1;32mloop_color_flows True|False[0m
 > Only relevant for the loop optimized output.
 > Reduces the loop diagrams at the amplitude level
   rendering possible the computation of the loop amplitude
   for a fixed color flow or color configuration.
 > This option can considerably slow down the loop ME
   computation time, especially when summing over all color
   and helicity configuration, hence turned off by default.
[1;32mgauge unitary|Feynman|axial[0m
 > (default unitary) choose the gauge of the non QCD part.
 > For loop processes, only Feynman gauge is employable.
[1;32mcomplex_mass_scheme True|False[0m
 > (default False) Set complex mass scheme.
 > Complex mass scheme is not yet supported for loop processes.
[1;32minclude_lepton_initiated_processes True|False[0m
 > (default False) Do not include processes with leptons in the initial state (nlo gen. only).
[1;32mtimeout VALUE[0m
 > (default 20) Seconds allowed to answer questions.
 > Note that pressing tab always stops the timer.
[1;32mcluster_temp_path PATH[0m
 > (default None) [Used in Madevent Output]
 > Allow to perform the run in PATH directory
 > This allow to not run on the central disk. 
 > This is not used by condor cluster (since condor has
   its own way to prevent it).
[1;32mmg5amc_py8_interface_path PATH[0m
 > Necessary when showering events with Pythia8 from Madevent.
[1;32mOLP ProgramName[0m
 > (default 'MadLoop') [Used for virtual generation]
 > Chooses what One-Loop Program to use for the virtual
 > matrix element generation via the BLAH accord.
[1;32moutput_dependencies <mode>[0m
 > (default 'external') [Use for NLO outputs]
 > Choses how the external dependences (such as CutTools)
 > of NLO outputs are handled. Possible values are:
     o external: Some of the libraries the output depends
       on are links to their installation in MG5 root dir.
     o internal: All libraries the output depends on are
       copied and compiled locally in the output directory.
     o environment_paths: The location of all libraries the 
       output depends on should be found in your env. paths.
[1;32mmax_npoint_for_channel <value>[0m
 > (default '0') [Used ONLY for loop-induced outputs with madevent]
 > Sets the maximum 'n' of n-points loops to be used for
 > setting up the integration multichannels.
 > The default value of zero automatically picks the apparent
 > appropriate choice which is to sometimes pick box loops
 > but never higher n-points ones.
[1;32mmax_t_for_channel <value>[0m
 > (default '0') [Used ONLY for tree-level output with madevent]
 > Forbids the inclusion of channel of integration with more than X
 > T channel propagators. Such channel can sometimes be quite slow to integrate
[1;32mzerowidth_tchannel <value>[0m
 > (default: True) [Used ONLY for tree-level output with madevent]
 > set the width to zero for all T-channel propagator --no impact on complex-mass scheme mode
[1;32mauto_convert_model <value>[0m
 > (default: False) If set on True any python2 UFO model will be automatically converted to pyton3 format
[1;32mnlo_mixed_expansion <value>[0m
deactivates mixed expansion support at NLO, goes back to MG5aMCv2 behavior
[1;32macknowledged_v3.1_syntax <value>[0m
if set to True allows to use syntax which have change meaning between 3.0 and 3.1 version
[1;31mCommand "import /work/mwitt/fcc_generation/cards/ee_tautau_ecm91__mg5.dat" interrupted in sub-command:
"set nevents 5000" with error:
InvalidCmd : Possible options for set are ['group_subprocesses', 'ignore_six_quark_processes', 'stdout_level', 'fortran_compiler', 'cpp_compiler', 'loop_optimized_output', 'complex_mass_scheme', 'include_lepton_initiated_processes', 'gauge', 'EWscheme', 'max_npoint_for_channel', 'max_t_for_channel', 'zerowidth_tchannel', 'default_unset_couplings', 'nlo_mixed_expansion'][0m
[1;34mcommand not executed: set ebeam1 45.6[0m
[1;34mcommand not executed: set ebeam2 45.6[0m
[1;34mcommand not executed: [0m
[1;34mcommand not executed: launch[0m
[1;34mcommand not executed: done[0m
quit
